***GC(1)... 100000000 -> 2872 [0%]





       00                            00
       00                            00




                                    00
                                   0 0
                                    0
